------------------------------------------------------------
Timing Analyzer Summary
------------------------------------------------------------

Type  : Slow 1200mV 85C Model Setup 'DivisorFrequencia:Divisor_inst|clkSaida'
Slack : -157.658
TNS   : -348436.379

Type  : Slow 1200mV 85C Model Setup 'clk_50'
Slack : -3.589
TNS   : -46.133

Type  : Slow 1200mV 85C Model Hold 'clk_50'
Slack : 0.441
TNS   : 0.000

Type  : Slow 1200mV 85C Model Hold 'DivisorFrequencia:Divisor_inst|clkSaida'
Slack : 0.978
TNS   : 0.000

Type  : Slow 1200mV 85C Model Recovery 'btn_in'
Slack : -5.638
TNS   : -11.217

Type  : Slow 1200mV 85C Model Removal 'btn_in'
Slack : 2.651
TNS   : 0.000

Type  : Slow 1200mV 85C Model Minimum Pulse Width 'clk_50'
Slack : -3.000
TNS   : -36.410

Type  : Slow 1200mV 85C Model Minimum Pulse Width 'btn_in'
Slack : -3.000
TNS   : -5.570

Type  : Slow 1200mV 85C Model Minimum Pulse Width 'DivisorFrequencia:Divisor_inst|clkSaida'
Slack : -1.285
TNS   : -3009.470

Type  : Slow 1200mV 0C Model Setup 'DivisorFrequencia:Divisor_inst|clkSaida'
Slack : -143.077
TNS   : -316170.516

Type  : Slow 1200mV 0C Model Setup 'clk_50'
Slack : -3.238
TNS   : -38.916

Type  : Slow 1200mV 0C Model Hold 'clk_50'
Slack : 0.400
TNS   : 0.000

Type  : Slow 1200mV 0C Model Hold 'DivisorFrequencia:Divisor_inst|clkSaida'
Slack : 0.889
TNS   : 0.000

Type  : Slow 1200mV 0C Model Recovery 'btn_in'
Slack : -5.097
TNS   : -10.127

Type  : Slow 1200mV 0C Model Removal 'btn_in'
Slack : 2.356
TNS   : 0.000

Type  : Slow 1200mV 0C Model Minimum Pulse Width 'clk_50'
Slack : -3.000
TNS   : -36.410

Type  : Slow 1200mV 0C Model Minimum Pulse Width 'btn_in'
Slack : -3.000
TNS   : -5.570

Type  : Slow 1200mV 0C Model Minimum Pulse Width 'DivisorFrequencia:Divisor_inst|clkSaida'
Slack : -1.285
TNS   : -3009.470

Type  : Fast 1200mV 0C Model Setup 'DivisorFrequencia:Divisor_inst|clkSaida'
Slack : -78.873
TNS   : -174055.682

Type  : Fast 1200mV 0C Model Setup 'clk_50'
Slack : -1.287
TNS   : -9.831

Type  : Fast 1200mV 0C Model Hold 'clk_50'
Slack : 0.199
TNS   : 0.000

Type  : Fast 1200mV 0C Model Hold 'DivisorFrequencia:Divisor_inst|clkSaida'
Slack : 0.449
TNS   : 0.000

Type  : Fast 1200mV 0C Model Recovery 'btn_in'
Slack : -2.062
TNS   : -4.112

Type  : Fast 1200mV 0C Model Removal 'btn_in'
Slack : 0.993
TNS   : 0.000

Type  : Fast 1200mV 0C Model Minimum Pulse Width 'clk_50'
Slack : -3.000
TNS   : -30.599

Type  : Fast 1200mV 0C Model Minimum Pulse Width 'btn_in'
Slack : -3.000
TNS   : -5.758

Type  : Fast 1200mV 0C Model Minimum Pulse Width 'DivisorFrequencia:Divisor_inst|clkSaida'
Slack : -1.000
TNS   : -2342.000

------------------------------------------------------------
